// Jest Snapshot v1, https://goo.gl/fbAQLP

exports[`AdemeComputeEngine persona regression snapshots Anne Claire 1`] = `
{
  "everydayThings": 831,
  "food": 1305,
  "housing": 1880,
  "societalServices": 1399,
  "transport": 5413,
}
`;

exports[`AdemeComputeEngine persona regression snapshots Corentin 1`] = `
{
  "everydayThings": 1129,
  "food": 1207,
  "housing": 1065,
  "societalServices": 1399,
  "transport": 408,
}
`;

exports[`AdemeComputeEngine persona regression snapshots Gérard 1`] = `
{
  "everydayThings": 1619,
  "food": 3557,
  "housing": 1933,
  "societalServices": 1399,
  "transport": 5092,
}
`;

exports[`AdemeComputeEngine persona regression snapshots Jessica 1`] = `
{
  "everydayThings": 2209,
  "food": 2394,
  "housing": 1002,
  "societalServices": 1399,
  "transport": 1666,
}
`;

exports[`AdemeComputeEngine persona regression snapshots Marie 1`] = `
{
  "everydayThings": 1167,
  "food": 2045,
  "housing": 1659,
  "societalServices": 1399,
  "transport": 1999,
}
`;

exports[`AdemeComputeEngine persona regression snapshots Mehdi 1`] = `
{
  "everydayThings": 1601,
  "food": 2928,
  "housing": 2200,
  "societalServices": 1399,
  "transport": 2038,
}
`;

exports[`AdemeComputeEngine persona regression snapshots Nolan 1`] = `
{
  "everydayThings": 1557,
  "food": 2960,
  "housing": 1020,
  "societalServices": 1399,
  "transport": 886,
}
`;

exports[`AdemeComputeEngine persona regression snapshots Sandy 1`] = `
{
  "everydayThings": 1149,
  "food": 3072,
  "housing": 1162,
  "societalServices": 1399,
  "transport": 2935,
}
`;

exports[`AdemeComputeEngine persona regression snapshots Sylviane 1`] = `
{
  "everydayThings": 2068,
  "food": 1772,
  "housing": 9542,
  "societalServices": 1399,
  "transport": 868,
}
`;

exports[`AdemeComputeEngine persona regression snapshots Yoram 1`] = `
{
  "everydayThings": 451,
  "food": 620,
  "housing": 491,
  "societalServices": 1399,
  "transport": 54,
}
`;
