// Jest Snapshot v1, https://goo.gl/fbAQLP

exports[`applyDefaultBooleanAnswers patches exactly the questions the ADEME model leaves without a default 1`] = `
[
  "alimentation . boisson . eau en bouteille . consommateur",
  "divers . loisirs . culture . concerts et spectacles . présent",
  "divers . loisirs . culture . musées et monuments . présent",
  "divers . loisirs . culture . pratique de la musique . présent",
  "divers . loisirs . culture . édition . présent",
  "divers . loisirs . sports . aquatique . présent",
  "divers . loisirs . sports . athlétisme . présent",
  "divers . loisirs . sports . autres sports . présent",
  "divers . loisirs . sports . balle ou ballon . présent",
  "divers . loisirs . sports . golf . présent",
  "divers . loisirs . sports . hiver montagne . présent",
  "divers . loisirs . sports . individuel extérieur . présent",
  "divers . loisirs . sports . martial ou combat . présent",
  "divers . loisirs . sports . nautique . présent",
  "divers . loisirs . sports . salle de sport . présent",
  "divers . loisirs . sports . sports énergivores . présent",
  "divers . loisirs . sports . équitation . présent",
  "logement . chauffage . appoint . bois . présent",
  "logement . chauffage . appoint . bouteille gaz cuisson . présent",
  "logement . chauffage . appoint . électricité . présent",
  "logement . chauffage . bois . système . chaudière bûches . présent",
  "logement . chauffage . bois . système . chaudière granulés . présent",
  "logement . chauffage . bois . système . foyer ouvert . présent",
  "logement . chauffage . bois . système . poêle bûches . présent",
  "logement . chauffage . bois . système . poêle granulés . présent",
  "logement . extérieur . barbecue charbon . présent",
  "logement . extérieur . barbecue électrique ou gaz . présent",
  "logement . extérieur . salon de jardin bois . présent",
  "logement . extérieur . salon de jardin résine ou métal . présent",
  "logement . extérieur . tondeuse thermique . présent",
  "logement . extérieur . tondeuse électrique ou robot . présent",
  "logement . vacances . auberge de jeunesse . présent",
  "logement . vacances . camping . présent",
  "logement . vacances . croisière . présent",
  "logement . vacances . famille ou amis . présent",
  "logement . vacances . hotel . présent",
  "logement . vacances . locations . présent",
  "logement . vacances . résidence secondaire . présent",
  "logement . vacances . échange . présent",
  "transport . deux roues . usager",
  "transport . ferry . usager",
  "transport . train . usager",
  "transport . transports commun . bus . présent",
  "transport . transports commun . car . présent",
  "transport . transports commun . métro ou tram . présent",
]
`;
